---- send 120 requests ----
001 trace_id=88b5c178fe322bd8ddd09285bc328040 output_tokens=31
002 trace_id=39accd801d87d9547775234476d8c77e output_tokens=47
003 trace_id=695df1e0f7366f5527a8eaee71974db9 output_tokens=11
004 trace_id=8a08eb59fd3cbdb2cc091a0784f15927 output_tokens=17
005 trace_id=e5d2105ac76ee94efb69ea9706caf4a4 output_tokens=36
006 trace_id=195e348a4aa5c691599ab6f296da0d95 output_tokens=12
007 trace_id=976d2cd6700a7d99aba925a87db92dcc output_tokens=27
008 trace_id=c1c15a8c3c5594f551a6e70152e2d8ca output_tokens=19
009 trace_id=a0b1e12697898c3d1cd9dfc489e6ddd6 output_tokens=8
010 trace_id=795db648ada008da315902a81f634c7e output_tokens=56
011 trace_id=8665986f26290fbea46a52e45d17eef6 output_tokens=36
012 trace_id=ccbe21c513019b472ff6a99933a50417 output_tokens=49
013 trace_id=6c984bebeb06a9d343178bf4fe10832d output_tokens=8
014 trace_id=f312afca6e0e2e9220916625a8a92feb output_tokens=17
015 trace_id=3b8e6f325fb8b5f1c6eeaef62b7aa1e4 output_tokens=59
016 trace_id=ebe25e405267ff810d9cf26d5276078b output_tokens=61
017 trace_id=695c4c9fcd995573cb128fb2075e9657 output_tokens=57
018 trace_id=c3b1ceb118823d917ff165534784c774 output_tokens=14
019 trace_id=6dcf2ebd53f007ebfe5894eebd77327f output_tokens=13
020 trace_id=02a06298b1a5f1a8998c5c59589fdebb output_tokens=47
021 trace_id=55635a48c9f7a672a9f9a7af24d390fc output_tokens=20
022 trace_id=d01386513398912f77b444b37f3b893e output_tokens=60
023 trace_id=33d633d79d53fb152ef1a2f97d66410e output_tokens=18
024 trace_id=933787aad747bcb0a83ca1e0a6d9ab17 output_tokens=29
025 trace_id=499fe4519d16d56f45ea4cf72a5be8e1 output_tokens=60
026 trace_id=ac9cde2fdb0dd11c79704ea0756f198b output_tokens=55
027 trace_id=962b27e23397dda92d8169641724570b output_tokens=10
028 trace_id=a5370b4e5ef9fe0cf593cc475f43c0cf output_tokens=14
029 trace_id=a408c49ac680602ec118fa428a6b9aca output_tokens=47
030 trace_id=c5f1116061b9ca5ff2ab0a02c2019955 output_tokens=57
031 trace_id=f92a820bebb692003675d2d6c222de21 output_tokens=32
032 trace_id=a7228dac7477846ba9b71f75215ad72c output_tokens=44
033 trace_id=07562bb9ad8503997dc161b4ae10a79a output_tokens=58
034 trace_id=c5448b2b4dbda299a6417164987b2939 output_tokens=44
035 trace_id=0462022811f29e26976f60370e1edaca output_tokens=51
036 trace_id=f398f4699a985b19f804841f7ae17b1f output_tokens=59
037 trace_id=cf1f7de0bd9a15cf5978cc76f75dd83c output_tokens=23
038 trace_id=2abdc078400305a500f1c3178a23b8ff output_tokens=28
039 trace_id=45130ca53fcbeafddd78664aa5848feb output_tokens=52
040 trace_id=8c792684783862dd7da0eed6115f4fce output_tokens=32
041 trace_id=cf5e9c8a22963e9ce70900691a20e944 output_tokens=29
042 trace_id=40b45d4a3cc4ecb43955499819e5531d output_tokens=19
043 trace_id=86f2c1654b6445fbe8e3ef85517a2bc0 output_tokens=37
044 trace_id=d0ac21ab053aa48c82bb9b0417df0799 output_tokens=57
045 trace_id=1f4d4a37135c5d92bd0a17b8dc68bd55 output_tokens=23
046 trace_id=c8d97e97d0a37e9f7532badf721ba959 output_tokens=30
047 trace_id=20e5fbf35454efad1b2bd93623333954 output_tokens=49
048 trace_id=e472717515441b6121c1d46bb41fc0dd output_tokens=57
049 trace_id=91bc3b2972b82e9402f3f04336c14d45 output_tokens=52
050 trace_id=ac33eb1d742bf2b76c6970cbf1a3547c output_tokens=10
051 trace_id=e83757c06bd04588d0cfebcebf17a0fa output_tokens=16
052 trace_id=23c2ad09cacd3d24fd0b8552f6419f68 output_tokens=51
053 trace_id=55968341175c1a244f87fed13540a092 output_tokens=48
054 trace_id=cdc79e771916cdb85e559ad85ea41f70 output_tokens=48
055 trace_id=3955146d24d90d88db1d2d4dc3a8adbb output_tokens=48
056 trace_id=0a8c75ff6236f6ab97651f0b74a5a9a0 output_tokens=43
057 trace_id=2e7cc620f948f1048cf879f35bc2397f output_tokens=9
058 trace_id=8a1ccd99cc59b71b8b251df030eb7bc8 output_tokens=14
059 trace_id=5e695aae2db03f696bd8f1bae0d2d5f0 output_tokens=29
060 trace_id=75c9ae6ee8ec9dba3754e308820960a4 output_tokens=34
061 trace_id=c455e291b351a660add35abda6260d18 output_tokens=40
062 trace_id=e385bbb31a4a6e75d46c635104124711 output_tokens=56
063 trace_id=91554be559a0fe881c143de10cae4460 output_tokens=61
064 trace_id=b71db1c2820a2f231a7a851a2ad22584 output_tokens=28
065 trace_id=a9d4e3879c4dce403a4843bb2f880d7b output_tokens=33
066 trace_id=7376474f7b252f93ded8a83eb4b1c930 output_tokens=13
067 trace_id=13c8bb85474e75028e21a0a474287c38 output_tokens=10
068 trace_id=c2d4fda28f6ed5d69b433320c55cb140 output_tokens=59
069 trace_id=fca5e2791943b2ff28e87c2c35d571ec output_tokens=39
070 trace_id=774a9fbe2ec15bcef2bb71d806fd01cf output_tokens=48
071 trace_id=5985a298c8cc8f2fb55ee5fa26901c55 output_tokens=12
072 trace_id=0afc0c57ad462f05d8013e5744fccf3f output_tokens=15
073 trace_id=019df888b92b5341dd72e136abc0d5de output_tokens=10
074 trace_id=2d0927678829592daafcfb5d690eb00a output_tokens=52
075 trace_id=f7477460c34c3916703b016de057c41d output_tokens=44
076 trace_id=871e25838d85a17cd7c8fedd3782ba03 output_tokens=26
077 trace_id=f801de645b950de42d08d6c30464a054 output_tokens=56
078 trace_id=9929279323b5e2ff396992c94041b7e7 output_tokens=34
079 trace_id=26f7df946ca60ed25d89c68835bfb692 output_tokens=57
080 trace_id=9b0eba4ed53e23a0ccbec0a3fc89d08e output_tokens=51
081 trace_id=84c8c7bfe8d303a7f6ad7e40798acd96 output_tokens=12
082 trace_id=8f6260910a56d8a8457b11ae5a107429 output_tokens=22
083 trace_id=5792e292bd47fd393a67332020fd183c output_tokens=44
084 trace_id=2c0503c08bcb6c44c01854765d168dc5 output_tokens=42
085 trace_id=c651f74993bf99c8c791a1b46253c65b output_tokens=18
086 trace_id=8258583e1ff6c71bfbe0521ccc924b18 output_tokens=16
087 trace_id=14539e04960d1e030cab9b1edc5094b5 output_tokens=10
088 trace_id=605699842bcc34ddd3feeccd6de02fb1 output_tokens=35
089 trace_id=debffcc745f76dbadf332421d2ba1d29 output_tokens=34
090 trace_id=f8a1d1fbc93673f0f25a278d1066dc70 output_tokens=22
091 trace_id=6a82d04f6610583736bea9be396aad04 output_tokens=31
092 trace_id=494aedc07f190d24c3cbb7a61041af2e output_tokens=9
093 trace_id=95e3809b66d1dfb82398244c429eaaa6 output_tokens=48
094 trace_id=050ca3a71310156e0537ef8c55ea28b6 output_tokens=28
095 trace_id=9d724019da5b893a86a90f6b6e0955e4 output_tokens=44
096 trace_id=63110bfd747646b89b9e9ffc6800972e output_tokens=11
097 trace_id=5dc900df624af8b5f606d3202eddcb9b output_tokens=40
098 trace_id=1cd801d8276278175b67e2c48e669600 output_tokens=28
099 trace_id=e37ec4acc64e9b36f637de780833d7be output_tokens=15
100 trace_id=2e7270ff254cdda4fa7905157e655702 output_tokens=39
101 trace_id=62ebc706b4f4b4a95c33faeb15c49409 output_tokens=51
102 trace_id=dd3678dd8e91d48a3d845e3a4cd7c833 output_tokens=48
103 trace_id=c4939899d38870d39bb0c10c47621cf5 output_tokens=25
104 trace_id=f7be89900b0141248d49301efa82c28a output_tokens=58
105 trace_id=24d011639530b0adbbbcfb9e3729c015 output_tokens=41
106 trace_id=33dcf517613c34ac157a53de2d1f16ad output_tokens=44
107 trace_id=7291b45ee0021e14048179e3a689581e output_tokens=41
108 trace_id=c52ea22112fade63140e9b8cd55a75c7 output_tokens=18
109 trace_id=b96536c6b203c027d3e260954b98dc44 output_tokens=57
110 trace_id=240405d6cd61e5eeb690a6da62db9c10 output_tokens=47
111 trace_id=7956b2148997e09e64ce35394749d6ca output_tokens=36
112 trace_id=a9d0ebc5273b7eecd242a3930cd8385a output_tokens=28
113 trace_id=2d4239f1f21cb7d40ec019d09afa92ca output_tokens=15
114 trace_id=046f1787687e028f4db297235ca9043c output_tokens=43
115 trace_id=062cb52dfe2900607871a982796fca27 output_tokens=11
116 trace_id=57dd8621213351b32b19c6746ef61d7b output_tokens=58
117 trace_id=70492d70d6496da9300a4045b0805ab3 output_tokens=31
118 trace_id=23bd16d28173828444af9c8c391cdc48 output_tokens=47
119 trace_id=5c2fbac73e14f50a8f1faa41211e50d5 output_tokens=29
120 trace_id=5a13dafe1c4c4f61dd9933f01c2ab23a output_tokens=13

---- wait for OTel tail_sampling decision_wait + batch export ----

---- check exact generated trace ids in Jaeger ----
FOUND 91bc3b2972b82e9402f3f04336c14d45: spans=4 refs=3 gen_ai_tags=4 ops=['embed-text', 'vector-search', 'generate-tokens', 'predict']

generated: 120
found_in_jaeger: 1
FOUND_GOOD_TRACE 91bc3b2972b82e9402f3f04336c14d45
